
> torrao@0.1.0 test
> vitest run


[1m[7m[36m RUN [39m[27m[22m [36mv2.1.9 [39m[90mC:/Users/carlo/Desktop/Claude/torrão[39m

 [32m✓[39m src/lib/preco.test.ts [2m([22m[2m12 tests[22m[2m)[22m[90m 12[2mms[22m[39m
 [32m✓[39m src/lib/data.test.ts [2m([22m[2m6 tests[22m[2m)[22m[90m 8[2mms[22m[39m
 [32m✓[39m src/lib/numero.test.ts [2m([22m[2m3 tests[22m[2m)[22m[90m 2[2mms[22m[39m
 [32m✓[39m src/lib/prazo.test.ts [2m([22m[2m14 tests[22m[2m)[22m[90m 16[2mms[22m[39m
 [32m✓[39m src/lib/recompra.test.ts [2m([22m[2m22 tests[22m[2m)[22m[90m 15[2mms[22m[39m
 [32m✓[39m src/lib/consignado.test.ts [2m([22m[2m13 tests[22m[2m)[22m[90m 5[2mms[22m[39m

[2m Test Files [22m [1m[32m6 passed[39m[22m[90m (6)[39m
[2m      Tests [22m [1m[32m70 passed[39m[22m[90m (70)[39m
[2m   Start at [22m 19:58:12
[2m   Duration [22m 593ms[2m (transform 174ms, setup 0ms, collect 459ms, tests 58ms, environment 1ms, prepare 737ms)[22m

